../Core/Inc/DSP/DSP_IC_1.h:4385:6:default_download_IC_1	8	static
../Core/Src/main.c:101:5:main	432	static
../Core/Src/main.c:429:6:SystemClock_Config	88	static
../Core/Src/main.c:473:13:MX_ADC1_Init	24	static
../Core/Src/main.c:635:13:MX_I2C1_Init	8	static
../Core/Src/main.c:669:13:MX_I2C2_Init	8	static
../Core/Src/main.c:703:13:MX_I2C3_Init	8	static
../Core/Src/main.c:737:13:MX_TIM2_Init	32	static
../Core/Src/main.c:780:13:MX_DMA_Init	16	static
../Core/Src/main.c:798:13:MX_GPIO_Init	48	static
../Core/Src/main.c:840:6:SIGMA_WRITE_REGISTER_BLOCK	40	static
../Core/Src/main.c:845:6:SIGMA_WRITE_DELAY	16	static
../Core/Src/main.c:850:6:HAL_ADC_ConvCpltCallback	32	static
../Core/Src/main.c:928:6:Error_Handler	4	static,ignoring_inline_asm
